../Drivers/CMSIS/Include/core_cm3.h:1762:34:__NVIC_SystemReset	4	static,ignoring_inline_asm
../Core/Src/main.c:140:5:main	40	static
../Core/Src/main.c:343:6:SystemClock_Config	72	static
../Core/Src/main.c:383:13:MX_CAN_Init	8	static
../Core/Src/main.c:420:13:MX_GPIO_Init	40	static
../Core/Src/main.c:488:6:ControlarCanal	32	static
../Core/Src/main.c:553:6:Inicializacao	16	static
../Core/Src/main.c:593:6:ligarLeds	8	static
../Core/Src/main.c:603:6:desligarLeds	8	static
../Core/Src/main.c:619:6:Error_Handler	4	static,ignoring_inline_asm
